[dateFnsLocale] updating date-fns locale en-us main.jellyfin.bundle.js:2:464118
[dateFnsLocale] mapped to date-fns locale en-US main.jellyfin.bundle.js:2:464185
[viewContainer] resetting view cache main.jellyfin.bundle.js:2:229138
Stored JSON credentials: {"Servers":[{"DateLastAccessed":1767244207918,"LastConnectionMode":2,"ManualAddress":"http://192.168.1.53:8096","manualAddressOnly":true,"Name":"5acbe1b773c8","Id":"c6f3e7d445794aecba6cd789aed63d69","LocalAddress":"http://172.18.0.2:8096","AccessToken":"3f33eef14dc74375b6357d7a5313bd16","UserId":"a4080dc38abe4a3587f9a7d94c8d39cd"}]} node_modules.jellyfin-apiclient.bundle.js:2:86427
Begin ConnectionManager constructor node_modules.jellyfin-apiclient.bundle.js:2:76101
ApiClient serverAddress: http://192.168.1.53:8096 node_modules.jellyfin-apiclient.bundle.js:2:11778
ApiClient appName: Jellyfin Web node_modules.jellyfin-apiclient.bundle.js:2:11831
ApiClient appVersion: 10.10.7 node_modules.jellyfin-apiclient.bundle.js:2:11878
ApiClient deviceName: Firefox node_modules.jellyfin-apiclient.bundle.js:2:11928
ApiClient deviceId: TW96aWxsYS81LjAgKFdpbmRvd3MgTlQgMTAuMDsgV2luNjQ7IHg2NDsgcnY6MTQ1LjApIEdlY2tvLzIwMTAwMTAxIEZpcmVmb3gvMTQ1LjB8MTc2NTAyNjc5ODg1NA11 node_modules.jellyfin-apiclient.bundle.js:2:11978
returning instance from getOrAddApiClient node_modules.jellyfin-apiclient.bundle.js:2:80309
[jellyfin-web]
version: 10.10.7
commit: 
build: 10.10.7 main.jellyfin.bundle.js:2:259861
[RouterHistory] history update 
Object { historyAction: "POP", location: {…}, matches: (4) […], initialized: true, navigation: {…}, restoreScrollPosition: null, preventScrollReset: false, revalidation: "idle", loaderData: {…}, actionData: null, … }
main.jellyfin.bundle.js:2:387406
[appRouter] path did not change, resolving promise main.jellyfin.bundle.js:2:216575
URL candidates: 
Array [ "http://192.168.1.53:8096" ]
main.jellyfin.bundle.js:2:357824
creating ApiClient singleton main.jellyfin.bundle.js:2:10720
ApiClient serverAddress: http://192.168.1.53:8096 node_modules.jellyfin-apiclient.bundle.js:2:11778
ApiClient appName: Jellyfin Web node_modules.jellyfin-apiclient.bundle.js:2:11831
ApiClient appVersion: 10.10.7 node_modules.jellyfin-apiclient.bundle.js:2:11878
ApiClient deviceName: Firefox node_modules.jellyfin-apiclient.bundle.js:2:11928
ApiClient deviceId: TW96aWxsYS81LjAgKFdpbmRvd3MgTlQgMTAuMDsgV2luNjQ7IHg2NDsgcnY6MTQ1LjApIEdlY2tvLzIwMTAwMTAxIEZpcmVmb3gvMTQ1LjB8MTc2NTAyNjc5ODg1NA11 node_modules.jellyfin-apiclient.bundle.js:2:11978
loaded ApiClient singleton main.jellyfin.bundle.js:2:10955
[autoCast] initializing connection listener main.jellyfin.bundle.js:2:274804
returning instance from getOrAddApiClient node_modules.jellyfin-apiclient.bundle.js:2:80309
using default fonts main.jellyfin.bundle.js:2:260766
loading installed plugins main.jellyfin.bundle.js:2:262458
returning instance from getOrAddApiClient node_modules.jellyfin-apiclient.bundle.js:2:80309
serviceWorker unsupported main.jellyfin.bundle.js:2:262082
Begin connect node_modules.jellyfin-apiclient.bundle.js:2:85076
Begin getAvailableServers node_modules.jellyfin-apiclient.bundle.js:2:81564
[getTheme] getting theme "dark" main.jellyfin.bundle.js:2:390837
[ApiProvider] Could not get current user undefined main.jellyfin.bundle.js:2:451847
Begin connectToServers, with 1 servers node_modules.jellyfin-apiclient.bundle.js:2:82273
begin connectToServer node_modules.jellyfin-apiclient.bundle.js:2:82648
tryReconnect: http://192.168.1.53:8096 node_modules.jellyfin-apiclient.bundle.js:2:83165
[getTheme] getting theme "dark" main.jellyfin.bundle.js:2:390837
[EmbySlider] HTMLInputElement doesn't snap value - use workaround. 57949.a599cc88f6f7c3fe51dc.chunk.js:1:3331
getTryConnectPromise http://192.168.1.53:8096 node_modules.jellyfin-apiclient.bundle.js:2:83353
ConnectionManager requesting url: http://192.168.1.53:8096/system/info/public node_modules.jellyfin-apiclient.bundle.js:2:74436
fetchWithTimeout: timeoutMs: 20000, url: http://192.168.1.53:8096/system/info/public node_modules.jellyfin-apiclient.bundle.js:2:75011
fetchWithTimeout: succeeded connecting to url: http://192.168.1.53:8096/system/info/public node_modules.jellyfin-apiclient.bundle.js:2:75216
ConnectionManager response status: 200, url: http://192.168.1.53:8096/system/info/public node_modules.jellyfin-apiclient.bundle.js:2:75453
Reconnect succeeded to http://192.168.1.53:8096 node_modules.jellyfin-apiclient.bundle.js:2:83513
ConnectionManager requesting url: http://192.168.1.53:8096/System/Info node_modules.jellyfin-apiclient.bundle.js:2:74436
ConnectionManager response status: 200, url: http://192.168.1.53:8096/System/Info node_modules.jellyfin-apiclient.bundle.js:2:75453
returning instance from getOrAddApiClient node_modules.jellyfin-apiclient.bundle.js:2:80309
Setting server address to http://192.168.1.53:8096 node_modules.jellyfin-apiclient.bundle.js:2:19670
Requesting url without automatic networking: http://192.168.1.53:8096/Sessions/Capabilities/Full node_modules.jellyfin-apiclient.bundle.js:2:14622
calling apiClient.ensureWebSocket node_modules.jellyfin-apiclient.bundle.js:2:76919
opening web socket with url: ws://192.168.1.53:8096/socket?api_key=3f33eef14dc74375b6357d7a5313bd16&deviceId=TW96aWxsYS81LjAgKFdpbmRvd3MgTlQgMTAuMDsgV2luNjQ7IHg2NDsgcnY6MTQ1LjApIEdlY2tvLzIwMTAwMTAxIEZpcmVmb3gvMTQ1LjB8MTc2NTAyNjc5ODg1NA11 node_modules.jellyfin-apiclient.bundle.js:2:18166
Requesting http://192.168.1.53:8096/Users/a4080dc38abe4a3587f9a7d94c8d39cd node_modules.jellyfin-apiclient.bundle.js:2:13545
returning instance from getOrAddApiClient node_modules.jellyfin-apiclient.bundle.js:2:80309
Requesting http://192.168.1.53:8096/DisplayPreferences/usersettings?userId=a4080dc38abe4a3587f9a7d94c8d39cd&client=emby node_modules.jellyfin-apiclient.bundle.js:2:13545
web socket connection opened node_modules.jellyfin-apiclient.bundle.js:2:63270
[autocast] no active cast player main.jellyfin.bundle.js:2:274741
[dateFnsLocale] updating date-fns locale en-us main.jellyfin.bundle.js:2:464118
[dateFnsLocale] mapped to date-fns locale en-US main.jellyfin.bundle.js:2:464185
resolving connectToServers with result.State: SignedIn node_modules.jellyfin-apiclient.bundle.js:2:82480
[ConnectionRequired] connection state SignedIn main.jellyfin.bundle.js:2:433337
[viewContainer] tryRestoreView 
Object { url: "/configurationpage?name=Invoice%20Generator", state: null, autoFocus: false, options: {…} }
main.jellyfin.bundle.js:2:230899
Requesting http://192.168.1.53:8096/web/configurationpage?name=Invoice%20Generator node_modules.jellyfin-apiclient.bundle.js:2:13545
Received ForceKeepAlive from server. Timeout is 60 seconds. node_modules.jellyfin-apiclient.bundle.js:2:62820
Sending web socket message: KeepAlive node_modules.jellyfin-apiclient.bundle.js:2:18698
Clearing KeepAlive for 
WebSocket { url: "ws://192.168.1.53:8096/socket?api_key=3f33eef14dc74375b6357d7a5313bd16&deviceId=TW96aWxsYS81LjAgKFdpbmRvd3MgTlQgMTAuMDsgV2luNjQ7IHg2NDsgcnY6MTQ1LjApIEdlY2tvLzIwMTAwMTAxIEZpcmVmb3gvMTQ1LjB8MTc2NTAyNjc5ODg1NA11", readyState: 1, bufferedAmount: 27, onopen: BoundFunctionObject, onerror: BoundFunctionObject, onclose: (), extensions: "", protocol: "", onmessage: BoundFunctionObject, binaryType: "blob" }
node_modules.jellyfin-apiclient.bundle.js:2:63121
Received KeepAlive from server. node_modules.jellyfin-apiclient.bundle.js:2:62736
Requesting http://192.168.1.53:8096/System/Endpoint node_modules.jellyfin-apiclient.bundle.js:2:13545
Requesting http://192.168.1.53:8096/Playback/BitrateTest?Size=500000 node_modules.jellyfin-apiclient.bundle.js:2:20356
BitrateTest 524288 bytes loaded (500000 requested) in 0.007 seconds -> 599186286 bps node_modules.jellyfin-apiclient.bundle.js:2:20799
Requesting http://192.168.1.53:8096/Playback/BitrateTest?Size=1000000 node_modules.jellyfin-apiclient.bundle.js:2:20356
BitrateTest 1048576 bytes loaded (1000000 requested) in 0.013000000000000001 seconds -> 645277538 bps node_modules.jellyfin-apiclient.bundle.js:2:20799
Requesting http://192.168.1.53:8096/Playback/BitrateTest?Size=3000000 node_modules.jellyfin-apiclient.bundle.js:2:20356
BitrateTest 4194304 bytes loaded (3000000 requested) in 0.043000000000000003 seconds -> 780335628 bps node_modules.jellyfin-apiclient.bundle.js:2:20799
Sending web socket message: KeepAlive node_modules.jellyfin-apiclient.bundle.js:2:18698
Received KeepAlive from server. node_modules.jellyfin-apiclient.bundle.js:2:62736
[RouterHistory] history update 
Object { historyAction: "POP", location: {…}, matches: (4) […], initialized: true, navigation: {…}, restoreScrollPosition: null, preventScrollReset: false, revalidation: "idle", loaderData: {…}, actionData: null, … }
main.jellyfin.bundle.js:2:387406
[appRouter] path did not change, resolving promise main.jellyfin.bundle.js:2:216575
[RouterHistory] history update 
Object { historyAction: "PUSH", location: {…}, matches: (5) […], initialized: true, navigation: {…}, restoreScrollPosition: null, preventScrollReset: false, revalidation: "idle", loaderData: {…}, actionData: null, … }
main.jellyfin.bundle.js:2:387406
Requesting http://192.168.1.53:8096/users node_modules.jellyfin-apiclient.bundle.js:2:13545
[ConnectionRequired] connection state undefined main.jellyfin.bundle.js:2:433337
[RouterHistory] history update 
Object { historyAction: "PUSH", location: {…}, matches: (5) […], initialized: true, navigation: {…}, restoreScrollPosition: null, preventScrollReset: false, revalidation: "idle", loaderData: {}, actionData: null, … }
main.jellyfin.bundle.js:2:387406
[ViewManagerPage] loading view [dashboard/plugins/installed/index.html] main.jellyfin.bundle.js:2:450400
[ConnectionRequired] connection state undefined main.jellyfin.bundle.js:2:433337
Requesting http://192.168.1.53:8096/Plugins node_modules.jellyfin-apiclient.bundle.js:2:13545
Requesting http://192.168.1.53:8096/web/configurationpages?pageType=PluginConfiguration node_modules.jellyfin-apiclient.bundle.js:2:13545
[RouterHistory] history update 
Object { historyAction: "PUSH", location: {…}, matches: (4) […], initialized: true, navigation: {…}, restoreScrollPosition: null, preventScrollReset: false, revalidation: "idle", loaderData: {}, actionData: null, … }
main.jellyfin.bundle.js:2:387406
[viewContainer] tryRestoreView 
Object { url: "/configurationpage?name=Invoice%20Generator", state: null, autoFocus: false, options: {…} }
main.jellyfin.bundle.js:2:230899
[ConnectionRequired] connection state undefined main.jellyfin.bundle.js:2:433337
Sending web socket message: KeepAlive node_modules.jellyfin-apiclient.bundle.js:2:18698
Received KeepAlive from server. node_modules.jellyfin-apiclient.bundle.js:2:62736
Sending web socket message: KeepAlive node_modules.jellyfin-apiclient.bundle.js:2:18698
Received KeepAlive from server. node_modules.jellyfin-apiclient.bundle.js:2:62736
